Archive member included to satisfy reference by file (symbol)

c:/program files (x86)/atmel/studio/7.0/toolchain/avr8/avr8-gnu-toolchain/bin/../lib/gcc/avr/5.4.0/avr5\libgcc.a(_exit.o)
                              C:/Program Files (x86)/Atmel/Studio/7.0/Packs/atmel/ATmega_DFP/1.3.300/gcc/dev/atmega32/avr5/crtatmega32.o (exit)
c:/program files (x86)/atmel/studio/7.0/toolchain/avr8/avr8-gnu-toolchain/bin/../lib/gcc/avr/5.4.0/avr5\libgcc.a(_copy_data.o)
                              Application/app.o (__do_copy_data)
c:/program files (x86)/atmel/studio/7.0/toolchain/avr8/avr8-gnu-toolchain/bin/../lib/gcc/avr/5.4.0/avr5\libgcc.a(_clear_bss.o)
                              Application/app.o (__do_clear_bss)

Allocating common symbols
Common symbol       size              file

pressTickTime       0x4               Application/app.o
mode                0x1               Application/app.o
carCurrentLed       0x1               Application/app.o
blinkPreviousTime   0x4               Application/app.o
previousTime        0x4               Application/app.o
pedestrianCurrentLed
                    0x1               Application/app.o
pedestrianPreviousLed
                    0x1               Application/app.o
currentTime         0x4               Application/app.o
carPreviousLed      0x1               Application/app.o

Discarded input sections

 .data          0x00000000        0x0 C:/Program Files (x86)/Atmel/Studio/7.0/Packs/atmel/ATmega_DFP/1.3.300/gcc/dev/atmega32/avr5/crtatmega32.o
 .bss           0x00000000        0x0 C:/Program Files (x86)/Atmel/Studio/7.0/Packs/atmel/ATmega_DFP/1.3.300/gcc/dev/atmega32/avr5/crtatmega32.o
 .text          0x00000000        0x0 Application/app.o
 .data          0x00000000        0x0 Application/app.o
 .bss           0x00000000        0x0 Application/app.o
 .text          0x00000000        0x0 ECUAL/Button/button.o
 .data          0x00000000        0x0 ECUAL/Button/button.o
 .bss           0x00000000        0x0 ECUAL/Button/button.o
 .text          0x00000000        0x0 ECUAL/LED/led.o
 .data          0x00000000        0x0 ECUAL/LED/led.o
 .bss           0x00000000        0x0 ECUAL/LED/led.o
 .text          0x00000000        0x0 main.o
 .data          0x00000000        0x0 main.o
 .bss           0x00000000        0x0 main.o
 .text          0x00000000        0x0 MCAL/DIO Driver/dio.o
 .data          0x00000000        0x0 MCAL/DIO Driver/dio.o
 .bss           0x00000000        0x0 MCAL/DIO Driver/dio.o
 .text          0x00000000        0x0 MCAL/Timer driver/timer.o
 .data          0x00000000        0x0 MCAL/Timer driver/timer.o
 .bss           0x00000000        0x0 MCAL/Timer driver/timer.o
 .text          0x00000000        0x0 c:/program files (x86)/atmel/studio/7.0/toolchain/avr8/avr8-gnu-toolchain/bin/../lib/gcc/avr/5.4.0/avr5\libgcc.a(_exit.o)
 .data          0x00000000        0x0 c:/program files (x86)/atmel/studio/7.0/toolchain/avr8/avr8-gnu-toolchain/bin/../lib/gcc/avr/5.4.0/avr5\libgcc.a(_exit.o)
 .bss           0x00000000        0x0 c:/program files (x86)/atmel/studio/7.0/toolchain/avr8/avr8-gnu-toolchain/bin/../lib/gcc/avr/5.4.0/avr5\libgcc.a(_exit.o)
 .text.libgcc.mul
                0x00000000        0x0 c:/program files (x86)/atmel/studio/7.0/toolchain/avr8/avr8-gnu-toolchain/bin/../lib/gcc/avr/5.4.0/avr5\libgcc.a(_exit.o)
 .text.libgcc.div
                0x00000000        0x0 c:/program files (x86)/atmel/studio/7.0/toolchain/avr8/avr8-gnu-toolchain/bin/../lib/gcc/avr/5.4.0/avr5\libgcc.a(_exit.o)
 .text.libgcc   0x00000000        0x0 c:/program files (x86)/atmel/studio/7.0/toolchain/avr8/avr8-gnu-toolchain/bin/../lib/gcc/avr/5.4.0/avr5\libgcc.a(_exit.o)
 .text.libgcc.prologue
                0x00000000        0x0 c:/program files (x86)/atmel/studio/7.0/toolchain/avr8/avr8-gnu-toolchain/bin/../lib/gcc/avr/5.4.0/avr5\libgcc.a(_exit.o)
 .text.libgcc.builtins
                0x00000000        0x0 c:/program files (x86)/atmel/studio/7.0/toolchain/avr8/avr8-gnu-toolchain/bin/../lib/gcc/avr/5.4.0/avr5\libgcc.a(_exit.o)
 .text.libgcc.fmul
                0x00000000        0x0 c:/program files (x86)/atmel/studio/7.0/toolchain/avr8/avr8-gnu-toolchain/bin/../lib/gcc/avr/5.4.0/avr5\libgcc.a(_exit.o)
 .text.libgcc.fixed
                0x00000000        0x0 c:/program files (x86)/atmel/studio/7.0/toolchain/avr8/avr8-gnu-toolchain/bin/../lib/gcc/avr/5.4.0/avr5\libgcc.a(_exit.o)
 .text          0x00000000        0x0 c:/program files (x86)/atmel/studio/7.0/toolchain/avr8/avr8-gnu-toolchain/bin/../lib/gcc/avr/5.4.0/avr5\libgcc.a(_copy_data.o)
 .data          0x00000000        0x0 c:/program files (x86)/atmel/studio/7.0/toolchain/avr8/avr8-gnu-toolchain/bin/../lib/gcc/avr/5.4.0/avr5\libgcc.a(_copy_data.o)
 .bss           0x00000000        0x0 c:/program files (x86)/atmel/studio/7.0/toolchain/avr8/avr8-gnu-toolchain/bin/../lib/gcc/avr/5.4.0/avr5\libgcc.a(_copy_data.o)
 .text.libgcc.mul
                0x00000000        0x0 c:/program files (x86)/atmel/studio/7.0/toolchain/avr8/avr8-gnu-toolchain/bin/../lib/gcc/avr/5.4.0/avr5\libgcc.a(_copy_data.o)
 .text.libgcc.div
                0x00000000        0x0 c:/program files (x86)/atmel/studio/7.0/toolchain/avr8/avr8-gnu-toolchain/bin/../lib/gcc/avr/5.4.0/avr5\libgcc.a(_copy_data.o)
 .text.libgcc   0x00000000        0x0 c:/program files (x86)/atmel/studio/7.0/toolchain/avr8/avr8-gnu-toolchain/bin/../lib/gcc/avr/5.4.0/avr5\libgcc.a(_copy_data.o)
 .text.libgcc.prologue
                0x00000000        0x0 c:/program files (x86)/atmel/studio/7.0/toolchain/avr8/avr8-gnu-toolchain/bin/../lib/gcc/avr/5.4.0/avr5\libgcc.a(_copy_data.o)
 .text.libgcc.builtins
                0x00000000        0x0 c:/program files (x86)/atmel/studio/7.0/toolchain/avr8/avr8-gnu-toolchain/bin/../lib/gcc/avr/5.4.0/avr5\libgcc.a(_copy_data.o)
 .text.libgcc.fmul
                0x00000000        0x0 c:/program files (x86)/atmel/studio/7.0/toolchain/avr8/avr8-gnu-toolchain/bin/../lib/gcc/avr/5.4.0/avr5\libgcc.a(_copy_data.o)
 .text.libgcc.fixed
                0x00000000        0x0 c:/program files (x86)/atmel/studio/7.0/toolchain/avr8/avr8-gnu-toolchain/bin/../lib/gcc/avr/5.4.0/avr5\libgcc.a(_copy_data.o)
 .text          0x00000000        0x0 c:/program files (x86)/atmel/studio/7.0/toolchain/avr8/avr8-gnu-toolchain/bin/../lib/gcc/avr/5.4.0/avr5\libgcc.a(_clear_bss.o)
 .data          0x00000000        0x0 c:/program files (x86)/atmel/studio/7.0/toolchain/avr8/avr8-gnu-toolchain/bin/../lib/gcc/avr/5.4.0/avr5\libgcc.a(_clear_bss.o)
 .bss           0x00000000        0x0 c:/program files (x86)/atmel/studio/7.0/toolchain/avr8/avr8-gnu-toolchain/bin/../lib/gcc/avr/5.4.0/avr5\libgcc.a(_clear_bss.o)
 .text.libgcc.mul
                0x00000000        0x0 c:/program files (x86)/atmel/studio/7.0/toolchain/avr8/avr8-gnu-toolchain/bin/../lib/gcc/avr/5.4.0/avr5\libgcc.a(_clear_bss.o)
 .text.libgcc.div
                0x00000000        0x0 c:/program files (x86)/atmel/studio/7.0/toolchain/avr8/avr8-gnu-toolchain/bin/../lib/gcc/avr/5.4.0/avr5\libgcc.a(_clear_bss.o)
 .text.libgcc   0x00000000        0x0 c:/program files (x86)/atmel/studio/7.0/toolchain/avr8/avr8-gnu-toolchain/bin/../lib/gcc/avr/5.4.0/avr5\libgcc.a(_clear_bss.o)
 .text.libgcc.prologue
                0x00000000        0x0 c:/program files (x86)/atmel/studio/7.0/toolchain/avr8/avr8-gnu-toolchain/bin/../lib/gcc/avr/5.4.0/avr5\libgcc.a(_clear_bss.o)
 .text.libgcc.builtins
                0x00000000        0x0 c:/program files (x86)/atmel/studio/7.0/toolchain/avr8/avr8-gnu-toolchain/bin/../lib/gcc/avr/5.4.0/avr5\libgcc.a(_clear_bss.o)
 .text.libgcc.fmul
                0x00000000        0x0 c:/program files (x86)/atmel/studio/7.0/toolchain/avr8/avr8-gnu-toolchain/bin/../lib/gcc/avr/5.4.0/avr5\libgcc.a(_clear_bss.o)
 .text.libgcc.fixed
                0x00000000        0x0 c:/program files (x86)/atmel/studio/7.0/toolchain/avr8/avr8-gnu-toolchain/bin/../lib/gcc/avr/5.4.0/avr5\libgcc.a(_clear_bss.o)

Memory Configuration

Name             Origin             Length             Attributes
text             0x00000000         0x00020000         xr
data             0x00800060         0x0000ffa0         rw !x
eeprom           0x00810000         0x00010000         rw !x
fuse             0x00820000         0x00000002         rw !x
lock             0x00830000         0x00000400         rw !x
signature        0x00840000         0x00000400         rw !x
user_signatures  0x00850000         0x00000400         rw !x
*default*        0x00000000         0xffffffff

Linker script and memory map

LOAD C:/Program Files (x86)/Atmel/Studio/7.0/Packs/atmel/ATmega_DFP/1.3.300/gcc/dev/atmega32/avr5/crtatmega32.o
LOAD Application/app.o
LOAD ECUAL/Button/button.o
LOAD ECUAL/LED/led.o
LOAD main.o
LOAD MCAL/DIO Driver/dio.o
LOAD MCAL/Timer driver/timer.o
START GROUP
LOAD c:/program files (x86)/atmel/studio/7.0/toolchain/avr8/avr8-gnu-toolchain/bin/../lib/gcc/avr/5.4.0/../../../../avr/lib/avr5\libm.a
END GROUP
START GROUP
LOAD c:/program files (x86)/atmel/studio/7.0/toolchain/avr8/avr8-gnu-toolchain/bin/../lib/gcc/avr/5.4.0/avr5\libgcc.a
LOAD c:/program files (x86)/atmel/studio/7.0/toolchain/avr8/avr8-gnu-toolchain/bin/../lib/gcc/avr/5.4.0/../../../../avr/lib/avr5\libm.a
LOAD c:/program files (x86)/atmel/studio/7.0/toolchain/avr8/avr8-gnu-toolchain/bin/../lib/gcc/avr/5.4.0/../../../../avr/lib/avr5\libc.a
LOAD C:/Program Files (x86)/Atmel/Studio/7.0/Packs/atmel/ATmega_DFP/1.3.300/gcc/dev/atmega32/avr5\libatmega32.a
END GROUP
                0x00000000                __TEXT_REGION_ORIGIN__ = DEFINED (__TEXT_REGION_ORIGIN__)?__TEXT_REGION_ORIGIN__:0x0
                0x00800060                __DATA_REGION_ORIGIN__ = DEFINED (__DATA_REGION_ORIGIN__)?__DATA_REGION_ORIGIN__:0x800060
                0x00020000                __TEXT_REGION_LENGTH__ = DEFINED (__TEXT_REGION_LENGTH__)?__TEXT_REGION_LENGTH__:0x20000
                0x0000ffa0                __DATA_REGION_LENGTH__ = DEFINED (__DATA_REGION_LENGTH__)?__DATA_REGION_LENGTH__:0xffa0
                0x00010000                __EEPROM_REGION_LENGTH__ = DEFINED (__EEPROM_REGION_LENGTH__)?__EEPROM_REGION_LENGTH__:0x10000
                [0x00000002]                __FUSE_REGION_LENGTH__ = DEFINED (__FUSE_REGION_LENGTH__)?__FUSE_REGION_LENGTH__:0x400
                0x00000400                __LOCK_REGION_LENGTH__ = DEFINED (__LOCK_REGION_LENGTH__)?__LOCK_REGION_LENGTH__:0x400
                0x00000400                __SIGNATURE_REGION_LENGTH__ = DEFINED (__SIGNATURE_REGION_LENGTH__)?__SIGNATURE_REGION_LENGTH__:0x400
                0x00000400                __USER_SIGNATURE_REGION_LENGTH__ = DEFINED (__USER_SIGNATURE_REGION_LENGTH__)?__USER_SIGNATURE_REGION_LENGTH__:0x400

.hash
 *(.hash)

.dynsym
 *(.dynsym)

.dynstr
 *(.dynstr)

.gnu.version
 *(.gnu.version)

.gnu.version_d
 *(.gnu.version_d)

.gnu.version_r
 *(.gnu.version_r)

.rel.init
 *(.rel.init)

.rela.init
 *(.rela.init)

.rel.text
 *(.rel.text)
 *(.rel.text.*)
 *(.rel.gnu.linkonce.t*)

.rela.text
 *(.rela.text)
 *(.rela.text.*)
 *(.rela.gnu.linkonce.t*)

.rel.fini
 *(.rel.fini)

.rela.fini
 *(.rela.fini)

.rel.rodata
 *(.rel.rodata)
 *(.rel.rodata.*)
 *(.rel.gnu.linkonce.r*)

.rela.rodata
 *(.rela.rodata)
 *(.rela.rodata.*)
 *(.rela.gnu.linkonce.r*)

.rel.data
 *(.rel.data)
 *(.rel.data.*)
 *(.rel.gnu.linkonce.d*)

.rela.data
 *(.rela.data)
 *(.rela.data.*)
 *(.rela.gnu.linkonce.d*)

.rel.ctors
 *(.rel.ctors)

.rela.ctors
 *(.rela.ctors)

.rel.dtors
 *(.rel.dtors)

.rela.dtors
 *(.rela.dtors)

.rel.got
 *(.rel.got)

.rela.got
 *(.rela.got)

.rel.bss
 *(.rel.bss)

.rela.bss
 *(.rela.bss)

.rel.plt
 *(.rel.plt)

.rela.plt
 *(.rela.plt)

.text           0x00000000      0x9e8
 *(.vectors)
 .vectors       0x00000000       0x54 C:/Program Files (x86)/Atmel/Studio/7.0/Packs/atmel/ATmega_DFP/1.3.300/gcc/dev/atmega32/avr5/crtatmega32.o
                0x00000000                __vector_default
                0x00000000                __vectors
 *(.vectors)
 *(.progmem.gcc*)
                0x00000054                . = ALIGN (0x2)
                0x00000054                __trampolines_start = .
 *(.trampolines)
 .trampolines   0x00000054        0x0 linker stubs
 *(.trampolines*)
                0x00000054                __trampolines_end = .
 *libprintf_flt.a:*(.progmem.data)
 *libc.a:*(.progmem.data)
 *(.progmem*)
                0x00000054                . = ALIGN (0x2)
 *(.jumptables)
 *(.jumptables*)
 *(.lowtext)
 *(.lowtext*)
                0x00000054                __ctors_start = .
 *(.ctors)
                0x00000054                __ctors_end = .
                0x00000054                __dtors_start = .
 *(.dtors)
                0x00000054                __dtors_end = .
 SORT(*)(.ctors)
 SORT(*)(.dtors)
 *(.init0)
 .init0         0x00000054        0x0 C:/Program Files (x86)/Atmel/Studio/7.0/Packs/atmel/ATmega_DFP/1.3.300/gcc/dev/atmega32/avr5/crtatmega32.o
                0x00000054                __init
 *(.init0)
 *(.init1)
 *(.init1)
 *(.init2)
 .init2         0x00000054        0xc C:/Program Files (x86)/Atmel/Studio/7.0/Packs/atmel/ATmega_DFP/1.3.300/gcc/dev/atmega32/avr5/crtatmega32.o
 *(.init2)
 *(.init3)
 *(.init3)
 *(.init4)
 .init4         0x00000060       0x16 c:/program files (x86)/atmel/studio/7.0/toolchain/avr8/avr8-gnu-toolchain/bin/../lib/gcc/avr/5.4.0/avr5\libgcc.a(_copy_data.o)
                0x00000060                __do_copy_data
 .init4         0x00000076       0x10 c:/program files (x86)/atmel/studio/7.0/toolchain/avr8/avr8-gnu-toolchain/bin/../lib/gcc/avr/5.4.0/avr5\libgcc.a(_clear_bss.o)
                0x00000076                __do_clear_bss
 *(.init4)
 *(.init5)
 *(.init5)
 *(.init6)
 *(.init6)
 *(.init7)
 *(.init7)
 *(.init8)
 *(.init8)
 *(.init9)
 .init9         0x00000086        0x8 C:/Program Files (x86)/Atmel/Studio/7.0/Packs/atmel/ATmega_DFP/1.3.300/gcc/dev/atmega32/avr5/crtatmega32.o
 *(.init9)
 *(.text)
 .text          0x0000008e        0x4 C:/Program Files (x86)/Atmel/Studio/7.0/Packs/atmel/ATmega_DFP/1.3.300/gcc/dev/atmega32/avr5/crtatmega32.o
                0x0000008e                __vector_12
                0x0000008e                __bad_interrupt
                0x0000008e                __vector_6
                0x0000008e                __vector_3
                0x0000008e                __vector_11
                0x0000008e                __vector_13
                0x0000008e                __vector_17
                0x0000008e                __vector_19
                0x0000008e                __vector_7
                0x0000008e                __vector_5
                0x0000008e                __vector_4
                0x0000008e                __vector_9
                0x0000008e                __vector_2
                0x0000008e                __vector_15
                0x0000008e                __vector_8
                0x0000008e                __vector_14
                0x0000008e                __vector_16
                0x0000008e                __vector_18
                0x0000008e                __vector_20
                0x00000092                . = ALIGN (0x2)
 *(.text.*)
 .text.app_start
                0x00000092      0x4e0 Application/app.o
                0x00000092                app_start
 .text.EXT_INT0_enable
                0x00000572       0x14 Application/app.o
                0x00000572                EXT_INT0_enable
 .text.app_init
                0x00000586       0xf8 Application/app.o
                0x00000586                app_init
 .text.__vector_1
                0x0000067e       0x66 Application/app.o
                0x0000067e                __vector_1
 .text.button_init
                0x000006e4        0xc ECUAL/Button/button.o
                0x000006e4                button_init
 .text.button_read
                0x000006f0       0x12 ECUAL/Button/button.o
                0x000006f0                button_read
 .text.LED_init
                0x00000702        0xa ECUAL/LED/led.o
                0x00000702                LED_init
 .text.LED_on   0x0000070c        0xa ECUAL/LED/led.o
                0x0000070c                LED_on
 .text.LED_off  0x00000716        0xa ECUAL/LED/led.o
                0x00000716                LED_off
 .text.LED_toggle
                0x00000720        0x8 ECUAL/LED/led.o
                0x00000720                LED_toggle
 .text.main     0x00000728        0xe main.o
                0x00000728                main
 .text.DIO_init
                0x00000736       0xb2 MCAL/DIO Driver/dio.o
                0x00000736                DIO_init
 .text.DIO_write
                0x000007e8       0xb2 MCAL/DIO Driver/dio.o
                0x000007e8                DIO_write
 .text.DIO_toggle
                0x0000089a       0x4e MCAL/DIO Driver/dio.o
                0x0000089a                DIO_toggle
 .text.DIO_read
                0x000008e8       0x84 MCAL/DIO Driver/dio.o
                0x000008e8                DIO_read
 .text.timer0_start
                0x0000096c       0x1c MCAL/Timer driver/timer.o
                0x0000096c                timer0_start
 .text.timer0_millis
                0x00000988       0x12 MCAL/Timer driver/timer.o
                0x00000988                timer0_millis
 .text.__vector_10
                0x0000099a       0x4a MCAL/Timer driver/timer.o
                0x0000099a                __vector_10
                0x000009e4                . = ALIGN (0x2)
 *(.fini9)
 .fini9         0x000009e4        0x0 c:/program files (x86)/atmel/studio/7.0/toolchain/avr8/avr8-gnu-toolchain/bin/../lib/gcc/avr/5.4.0/avr5\libgcc.a(_exit.o)
                0x000009e4                _exit
                0x000009e4                exit
 *(.fini9)
 *(.fini8)
 *(.fini8)
 *(.fini7)
 *(.fini7)
 *(.fini6)
 *(.fini6)
 *(.fini5)
 *(.fini5)
 *(.fini4)
 *(.fini4)
 *(.fini3)
 *(.fini3)
 *(.fini2)
 *(.fini2)
 *(.fini1)
 *(.fini1)
 *(.fini0)
 .fini0         0x000009e4        0x4 c:/program files (x86)/atmel/studio/7.0/toolchain/avr8/avr8-gnu-toolchain/bin/../lib/gcc/avr/5.4.0/avr5\libgcc.a(_exit.o)
 *(.fini0)
                0x000009e8                _etext = .

.data           0x00800060       0x10 load address 0x000009e8
                0x00800060                PROVIDE (__data_start, .)
 *(.data)
 *(.data*)
 .data.pedestrianRedLed
                0x00800060        0x2 Application/app.o
                0x00800060                pedestrianRedLed
 .data.pedestrianYellowLed
                0x00800062        0x2 Application/app.o
                0x00800062                pedestrianYellowLed
 .data.pedestrianGreenLed
                0x00800064        0x2 Application/app.o
                0x00800064                pedestrianGreenLed
 .data.carRedLed
                0x00800066        0x2 Application/app.o
                0x00800066                carRedLed
 .data.carYellowLed
                0x00800068        0x2 Application/app.o
                0x00800068                carYellowLed
 .data.carGreenLed
                0x0080006a        0x2 Application/app.o
                0x0080006a                carGreenLed
 .data.pedestrianButton
                0x0080006c        0x3 Application/app.o
                0x0080006c                pedestrianButton
 *(.gnu.linkonce.d*)
 *(.rodata)
 *(.rodata*)
 *(.gnu.linkonce.r*)
                0x00800070                . = ALIGN (0x2)
 *fill*         0x0080006f        0x1 
                0x00800070                _edata = .
                0x00800070                PROVIDE (__data_end, .)

.bss            0x00800070       0x19
                0x00800070                PROVIDE (__bss_start, .)
 *(.bss)
 *(.bss*)
 .bss.milli     0x00800070        0x4 MCAL/Timer driver/timer.o
 *(COMMON)
 COMMON         0x00800074       0x15 Application/app.o
                0x00800074                pressTickTime
                0x00800078                mode
                0x00800079                carCurrentLed
                0x0080007a                blinkPreviousTime
                0x0080007e                previousTime
                0x00800082                pedestrianCurrentLed
                0x00800083                pedestrianPreviousLed
                0x00800084                currentTime
                0x00800088                carPreviousLed
                0x00800089                PROVIDE (__bss_end, .)
                0x000009e8                __data_load_start = LOADADDR (.data)
                0x000009f8                __data_load_end = (__data_load_start + SIZEOF (.data))

.noinit         0x00800089        0x0
                [!provide]                PROVIDE (__noinit_start, .)
 *(.noinit*)
                [!provide]                PROVIDE (__noinit_end, .)
                0x00800089                _end = .
                [!provide]                PROVIDE (__heap_start, .)

.eeprom         0x00810000        0x0
 *(.eeprom*)
                0x00810000                __eeprom_end = .

.fuse
 *(.fuse)
 *(.lfuse)
 *(.hfuse)
 *(.efuse)

.lock
 *(.lock*)

.signature
 *(.signature*)

.user_signatures
 *(.user_signatures*)

.stab
 *(.stab)

.stabstr
 *(.stabstr)

.stab.excl
 *(.stab.excl)

.stab.exclstr
 *(.stab.exclstr)

.stab.index
 *(.stab.index)

.stab.indexstr
 *(.stab.indexstr)

.comment        0x00000000       0x30
 *(.comment)
 .comment       0x00000000       0x30 Application/app.o
                                 0x31 (size before relaxing)
 .comment       0x00000030       0x31 ECUAL/Button/button.o
 .comment       0x00000030       0x31 ECUAL/LED/led.o
 .comment       0x00000030       0x31 main.o
 .comment       0x00000030       0x31 MCAL/DIO Driver/dio.o
 .comment       0x00000030       0x31 MCAL/Timer driver/timer.o

.note.gnu.avr.deviceinfo
                0x00000000       0x3c
 .note.gnu.avr.deviceinfo
                0x00000000       0x3c C:/Program Files (x86)/Atmel/Studio/7.0/Packs/atmel/ATmega_DFP/1.3.300/gcc/dev/atmega32/avr5/crtatmega32.o

.note.gnu.build-id
 *(.note.gnu.build-id)

.debug
 *(.debug)

.line
 *(.line)

.debug_srcinfo
 *(.debug_srcinfo)

.debug_sfnames
 *(.debug_sfnames)

.debug_aranges  0x00000000      0x120
 *(.debug_aranges)
 .debug_aranges
                0x00000000       0x38 Application/app.o
 .debug_aranges
                0x00000038       0x28 ECUAL/Button/button.o
 .debug_aranges
                0x00000060       0x38 ECUAL/LED/led.o
 .debug_aranges
                0x00000098       0x20 main.o
 .debug_aranges
                0x000000b8       0x38 MCAL/DIO Driver/dio.o
 .debug_aranges
                0x000000f0       0x30 MCAL/Timer driver/timer.o

.debug_pubnames
 *(.debug_pubnames)

.debug_info     0x00000000      0xf6a
 *(.debug_info .gnu.linkonce.wi.*)
 .debug_info    0x00000000      0x4e6 C:/Program Files (x86)/Atmel/Studio/7.0/Packs/atmel/ATmega_DFP/1.3.300/gcc/dev/atmega32/avr5/crtatmega32.o
 .debug_info    0x000004e6      0x4fc Application/app.o
 .debug_info    0x000009e2      0x12c ECUAL/Button/button.o
 .debug_info    0x00000b0e      0x183 ECUAL/LED/led.o
 .debug_info    0x00000c91       0x83 main.o
 .debug_info    0x00000d14      0x15d MCAL/DIO Driver/dio.o
 .debug_info    0x00000e71       0xf9 MCAL/Timer driver/timer.o

.debug_abbrev   0x00000000      0x8f9
 *(.debug_abbrev)
 .debug_abbrev  0x00000000      0x4a3 C:/Program Files (x86)/Atmel/Studio/7.0/Packs/atmel/ATmega_DFP/1.3.300/gcc/dev/atmega32/avr5/crtatmega32.o
 .debug_abbrev  0x000004a3      0x135 Application/app.o
 .debug_abbrev  0x000005d8       0xbd ECUAL/Button/button.o
 .debug_abbrev  0x00000695       0xb8 ECUAL/LED/led.o
 .debug_abbrev  0x0000074d       0x65 main.o
 .debug_abbrev  0x000007b2       0x85 MCAL/DIO Driver/dio.o
 .debug_abbrev  0x00000837       0xc2 MCAL/Timer driver/timer.o

.debug_line     0x00000000      0xa2c
 *(.debug_line .debug_line.* .debug_line_end)
 .debug_line    0x00000000      0x115 C:/Program Files (x86)/Atmel/Studio/7.0/Packs/atmel/ATmega_DFP/1.3.300/gcc/dev/atmega32/avr5/crtatmega32.o
 .debug_line    0x00000115      0x4a0 Application/app.o
 .debug_line    0x000005b5       0xc8 ECUAL/Button/button.o
 .debug_line    0x0000067d       0xe5 ECUAL/LED/led.o
 .debug_line    0x00000762       0x65 main.o
 .debug_line    0x000007c7      0x18a MCAL/DIO Driver/dio.o
 .debug_line    0x00000951       0xdb MCAL/Timer driver/timer.o

.debug_frame    0x00000000      0x200
 *(.debug_frame)
 .debug_frame   0x00000000       0x9c Application/app.o
 .debug_frame   0x0000009c       0x34 ECUAL/Button/button.o
 .debug_frame   0x000000d0       0x54 ECUAL/LED/led.o
 .debug_frame   0x00000124       0x24 main.o
 .debug_frame   0x00000148       0x54 MCAL/DIO Driver/dio.o
 .debug_frame   0x0000019c       0x64 MCAL/Timer driver/timer.o

.debug_str      0x00000000      0x615
 *(.debug_str)
 .debug_str     0x00000000      0x196 C:/Program Files (x86)/Atmel/Studio/7.0/Packs/atmel/ATmega_DFP/1.3.300/gcc/dev/atmega32/avr5/crtatmega32.o
 .debug_str     0x00000196      0x365 Application/app.o
                                0x372 (size before relaxing)
 .debug_str     0x000004fb       0x32 ECUAL/Button/button.o
                                0x190 (size before relaxing)
 .debug_str     0x0000052d       0x28 ECUAL/LED/led.o
                                0x191 (size before relaxing)
 .debug_str     0x00000555       0x78 main.o
                                0x144 (size before relaxing)
 .debug_str     0x000005cd       0x19 MCAL/DIO Driver/dio.o
                                0x17a (size before relaxing)
 .debug_str     0x000005e6       0x2f MCAL/Timer driver/timer.o
                                0x1b9 (size before relaxing)

.debug_loc      0x00000000      0x3e2
 *(.debug_loc)
 .debug_loc     0x00000000       0xcb Application/app.o
 .debug_loc     0x000000cb       0x51 ECUAL/Button/button.o
 .debug_loc     0x0000011c       0x60 ECUAL/LED/led.o
 .debug_loc     0x0000017c      0x1e2 MCAL/DIO Driver/dio.o
 .debug_loc     0x0000035e       0x84 MCAL/Timer driver/timer.o

.debug_macinfo
 *(.debug_macinfo)

.debug_weaknames
 *(.debug_weaknames)

.debug_funcnames
 *(.debug_funcnames)

.debug_typenames
 *(.debug_typenames)

.debug_varnames
 *(.debug_varnames)

.debug_pubtypes
 *(.debug_pubtypes)

.debug_ranges   0x00000000       0xc0
 *(.debug_ranges)
 .debug_ranges  0x00000000       0x28 Application/app.o
 .debug_ranges  0x00000028       0x18 ECUAL/Button/button.o
 .debug_ranges  0x00000040       0x28 ECUAL/LED/led.o
 .debug_ranges  0x00000068       0x10 main.o
 .debug_ranges  0x00000078       0x28 MCAL/DIO Driver/dio.o
 .debug_ranges  0x000000a0       0x20 MCAL/Timer driver/timer.o

.debug_macro
 *(.debug_macro)
OUTPUT(On-demand traffic light control.elf elf32-avr)
LOAD linker stubs
